// Jest Snapshot v1, https://goo.gl/fbAQLP

exports[`PostPreviewCard Matches the snapshot 1`] = `
<div>
  <a
    href="/posts/test-post-id"
  >
    <div
      class="md:px-4 px-3 py-1 md:py-4 flex-row flex w-full flex-1 transform transition margin-2 text-left group my-2 max-w-2xl cursor-pointer rounded-sm"
    >
      <div
        class="mr-4 justify-center"
      >
        <div
          class="rounded-sm hidden md:flex"
        >
          <span
            style="box-sizing: border-box; display: inline-block; overflow: hidden; background: none; opacity: 1; border: 0px; margin: 0px; padding: 0px; position: relative; max-width: 100%;"
          >
            <span
              style="box-sizing: border-box; display: block; background: none; opacity: 1; border: 0px; margin: 0px; padding: 0px; max-width: 100%;"
            >
              <img
                alt=""
                aria-hidden="true"
                src="data:image/svg+xml,%3csvg%20xmlns=%27http://www.w3.org/2000/svg%27%20version=%271.1%27%20width=%27180%27%20height=%27150%27/%3e"
                style="display: block; max-width: 100%; background: none; opacity: 1; border: 0px; margin: 0px; padding: 0px;"
              />
            </span>
            <img
              alt="https://image-url.com"
              data-nimg="intrinsic"
              decoding="async"
              src="data:image/gif;base64,R0lGODlhAQABAIAAAAAAAP///yH5BAEAAAAALAAAAAABAAEAAAIBRAA7"
              style="position: absolute; top: 0px; left: 0px; bottom: 0px; right: 0px; box-sizing: border-box; padding: 0px; margin: auto; display: block; width: 0px; height: 0px; min-width: 100%; max-width: 100%; min-height: 100%; max-height: 100%; object-fit: cover;"
            />
            <noscript />
          </span>
        </div>
        <div
          class="rounded-sm md:hidden flex"
        >
          <span
            style="box-sizing: border-box; display: inline-block; overflow: hidden; background: none; opacity: 1; border: 0px; margin: 0px; padding: 0px; position: relative; max-width: 100%;"
          >
            <span
              style="box-sizing: border-box; display: block; background: none; opacity: 1; border: 0px; margin: 0px; padding: 0px; max-width: 100%;"
            >
              <img
                alt=""
                aria-hidden="true"
                src="data:image/svg+xml,%3csvg%20xmlns=%27http://www.w3.org/2000/svg%27%20version=%271.1%27%20width=%27120%27%20height=%27100%27/%3e"
                style="display: block; max-width: 100%; background: none; opacity: 1; border: 0px; margin: 0px; padding: 0px;"
              />
            </span>
            <img
              alt="https://image-url.com"
              data-nimg="intrinsic"
              decoding="async"
              src="data:image/gif;base64,R0lGODlhAQABAIAAAAAAAP///yH5BAEAAAAALAAAAAABAAEAAAIBRAA7"
              style="position: absolute; top: 0px; left: 0px; bottom: 0px; right: 0px; box-sizing: border-box; padding: 0px; margin: auto; display: block; width: 0px; height: 0px; min-width: 100%; max-width: 100%; min-height: 100%; max-height: 100%; object-fit: cover;"
            />
            <noscript />
          </span>
        </div>
      </div>
      <div
        class="flex-1 flex flex-col md:max-h-40"
      >
        <h2
          class="fade-colors text-xl text-black dark:text-gray-200 dark:group-hover:text-cyan-400 group-hover:text-cyan-500 font-semibold flex-1 md:flex-none"
        >
          Example Post Title
        </h2>
        <p
          class="text-gray-700 text-md group-hover:text-black dark:text-gray-300 dark:group-hover:text-white hidden md:flex"
        >
          This is a sample article abstract
        </p>
         
        <div
          class="flex flex-col-reverse md:flex-row text-black md:mt-1 justify-between w-full"
        >
          <div
            class="fade-colors group-hover:text-cyan-500 dark:text-gray-200 dark:group-hover:text-cyan-400"
          >
            Read More â†’
          </div>
          <div
            class="text-gray-400 dark:text-gray-200 flex flex-row"
          >
            3
             min read | 
            52 years ago
          </div>
        </div>
      </div>
    </div>
  </a>
</div>
`;
